# env: google-colab  (НЕ рабочая машина)
# ВНИМАНИЕ: абсолютные задержки отсюда НЕсопоставимы с замерами с вашей
#           машины. Годятся только дельты и частоты сообщений.
# utc: 20260902T153331Z
# task: fb_probe.py
# minutes: 20; адресов в фильтре: 1; extra: —
------------------------------------------------------------------
Проба 20.0 мин. Адресов в фильтре: 1; топик задан: нет; отпечаток фильтра: 2cf13e6d

  [logs] подписка принята: 0x265fa274334d09e2eba3d2ac833a0c98
  [newFlashblocks] подписка принята: 0xe08225b9e2f3aa7e76c85ac64d54818
  [pendingLogs] подписка принята: 0xe34aec8205bd5b1357ee6c90a0e6ffe3

==============================================================
РЕЗУЛЬТАТ
==============================================================
  pendingLogs      работает
  logs             работает
  newFlashblocks   работает

  логов по pendingLogs : 0
  логов по logs        : 0
  сообщений newFlashblocks: 6595

  Парных логов 0 — мало для вывода. Увеличьте --minutes или ослабьте фильтр.

  Цена newFlashblocks: 5.5 сообщ/с → 14.2 млн запросов за 30 суток.

------------------------------------------------------------------
# код возврата: 0
